Testing Distributed Search at http://localhost:8000...
python : Traceback 
(most recent call 
last):
At line:1 char:1
+ python scripts/test
_distributed.py > 
test_output.txt 2>&1
+ ~~~~~~~~~~~~~~~~~~~
~~~~~~~~~~~~~~~~~~~~~
~~~~~~~~~~~~~~~~~
    + CategoryInfo   
           : NotSpe  
  cified: (Traceba   
 ck (most recent     
call last)::Stri    
ng) [], RemoteEx    
ception
    + FullyQualified 
   ErrorId : Native  
  CommandError
 
  File "C:\Users\1305
9\AppData\Local\Packa
ges\PythonSoftwareFou
ndation.Python.3.12_q
bz5n2kfra8p0\LocalCac
he\local-packages\Pyt
hon312\site-packages\
urllib3\connection.py
", line 198, in 
_new_conn
    sock = connection
.create_connection(
           ^^^^^^^^^^
^^^^^^^^^^^^^^^^^^^
  File "C:\Users\1305
9\AppData\Local\Packa
ges\PythonSoftwareFou
ndation.Python.3.12_q
bz5n2kfra8p0\LocalCac
he\local-packages\Pyt
hon312\site-packages\
urllib3\util\connecti
on.py", line 85, in 
create_connection
    raise err
  File "C:\Users\1305
9\AppData\Local\Packa
ges\PythonSoftwareFou
ndation.Python.3.12_q
bz5n2kfra8p0\LocalCac
he\local-packages\Pyt
hon312\site-packages\
urllib3\util\connecti
on.py", line 73, in 
create_connection
    sock.connect(sa)
ConnectionRefusedErro
r: [WinError 10061] 
No connection could 
be made because the 
target machine 
actively refused it

The above exception 
was the direct cause 
of the following 
exception:

Traceback (most 
recent call last):
  File "C:\Users\1305
9\AppData\Local\Packa
ges\PythonSoftwareFou
ndation.Python.3.12_q
bz5n2kfra8p0\LocalCac
he\local-packages\Pyt
hon312\site-packages\
urllib3\connectionpoo
l.py", line 787, in 
urlopen
    response = 
self._make_request(
               
^^^^^^^^^^^^^^^^^^^
  File "C:\Users\1305
9\AppData\Local\Packa
ges\PythonSoftwareFou
ndation.Python.3.12_q
bz5n2kfra8p0\LocalCac
he\local-packages\Pyt
hon312\site-packages\
urllib3\connectionpoo
l.py", line 493, in 
_make_request
    conn.request(
  File "C:\Users\1305
9\AppData\Local\Packa
ges\PythonSoftwareFou
ndation.Python.3.12_q
bz5n2kfra8p0\LocalCac
he\local-packages\Pyt
hon312\site-packages\
urllib3\connection.py
", line 494, in 
request
    self.endheaders()
  File "C:\Program Fi
les\WindowsApps\Pytho
nSoftwareFoundation.P
ython.3.12_3.12.2800.
0_x64__qbz5n2kfra8p0\
Lib\http\client.py", 
line 1333, in 
endheaders
    self._send_output
(message_body, encode
_chunked=encode_chunk
ed)
  File "C:\Program Fi
les\WindowsApps\Pytho
nSoftwareFoundation.P
ython.3.12_3.12.2800.
0_x64__qbz5n2kfra8p0\
Lib\http\client.py", 
line 1093, in 
_send_output
    self.send(msg)
  File "C:\Program Fi
les\WindowsApps\Pytho
nSoftwareFoundation.P
ython.3.12_3.12.2800.
0_x64__qbz5n2kfra8p0\
Lib\http\client.py", 
line 1037, in send
    self.connect()
  File "C:\Users\1305
9\AppData\Local\Packa
ges\PythonSoftwareFou
ndation.Python.3.12_q
bz5n2kfra8p0\LocalCac
he\local-packages\Pyt
hon312\site-packages\
urllib3\connection.py
", line 325, in 
connect
    self.sock = 
self._new_conn()
                
^^^^^^^^^^^^^^^^
  File "C:\Users\1305
9\AppData\Local\Packa
ges\PythonSoftwareFou
ndation.Python.3.12_q
bz5n2kfra8p0\LocalCac
he\local-packages\Pyt
hon312\site-packages\
urllib3\connection.py
", line 213, in 
_new_conn
    raise 
NewConnectionError(
urllib3.exceptions.Ne
wConnectionError: <ur
llib3.connection.HTTP
Connection object at 
0x0000018F09C78890>: 
Failed to establish 
a new connection: 
[WinError 10061] No 
connection could be 
made because the 
target machine 
actively refused it

The above exception 
was the direct cause 
of the following 
exception:

Traceback (most 
recent call last):
  File "C:\Users\1305
9\AppData\Local\Packa
ges\PythonSoftwareFou
ndation.Python.3.12_q
bz5n2kfra8p0\LocalCac
he\local-packages\Pyt
hon312\site-packages\
requests\adapters.py"
, line 644, in send
    resp = 
conn.urlopen(
           
^^^^^^^^^^^^^
  File "C:\Users\1305
9\AppData\Local\Packa
ges\PythonSoftwareFou
ndation.Python.3.12_q
bz5n2kfra8p0\LocalCac
he\local-packages\Pyt
hon312\site-packages\
urllib3\connectionpoo
l.py", line 841, in 
urlopen
    retries = 
retries.increment(
              
^^^^^^^^^^^^^^^^^^
  File "C:\Users\1305
9\AppData\Local\Packa
ges\PythonSoftwareFou
ndation.Python.3.12_q
bz5n2kfra8p0\LocalCac
he\local-packages\Pyt
hon312\site-packages\
urllib3\util\retry.py
", line 519, in 
increment
    raise 
MaxRetryError(_pool, 
url, reason) from 
reason  # type: 
ignore[arg-type]
    ^^^^^^^^^^^^^^^^^
^^^^^^^^^^^^^^^^^^^^^
^^^^^^^^^^^^^
urllib3.exceptions.Ma
xRetryError: HTTPConn
ectionPool(host='loca
lhost', port=8000): 
Max retries exceeded 
with url: /search 
(Caused by NewConnect
ionError('<urllib3.co
nnection.HTTPConnecti
on object at 
0x0000018F09C78890>: 
Failed to establish 
a new connection: 
[WinError 10061] No 
connection could be 
made because the 
target machine 
actively refused 
it'))

During handling of 
the above exception, 
another exception 
occurred:

Traceback (most 
recent call last):
  File "C:\Users\1305
9\Downloads\MiniVecto
r\scripts\test_distri
buted.py", line 14, 
in test_search
    resp = requests.p
ost(f"{COORDINATOR_UR
L}/search", 
json={"text": query, 
"k": 5})
           ^^^^^^^^^^
^^^^^^^^^^^^^^^^^^^^^
^^^^^^^^^^^^^^^^^^^^^
^^^^^^^^^^^^^^^^^^^^
  File "C:\Users\1305
9\AppData\Local\Packa
ges\PythonSoftwareFou
ndation.Python.3.12_q
bz5n2kfra8p0\LocalCac
he\local-packages\Pyt
hon312\site-packages\
requests\api.py", 
line 115, in post
    return 
request("post", url, 
data=data, 
json=json, **kwargs)
           ^^^^^^^^^^
^^^^^^^^^^^^^^^^^^^^^
^^^^^^^^^^^^^^^^^^^^^
  File "C:\Users\1305
9\AppData\Local\Packa
ges\PythonSoftwareFou
ndation.Python.3.12_q
bz5n2kfra8p0\LocalCac
he\local-packages\Pyt
hon312\site-packages\
requests\api.py", 
line 59, in request
    return session.re
quest(method=method, 
url=url, **kwargs)
           ^^^^^^^^^^
^^^^^^^^^^^^^^^^^^^^^
^^^^^^^^^^^^^^^^^^
  File "C:\Users\1305
9\AppData\Local\Packa
ges\PythonSoftwareFou
ndation.Python.3.12_q
bz5n2kfra8p0\LocalCac
he\local-packages\Pyt
hon312\site-packages\
requests\sessions.py"
, line 589, in 
request
    resp = 
self.send(prep, 
**send_kwargs)
           ^^^^^^^^^^
^^^^^^^^^^^^^^^^^^^^
  File "C:\Users\1305
9\AppData\Local\Packa
ges\PythonSoftwareFou
ndation.Python.3.12_q
bz5n2kfra8p0\LocalCac
he\local-packages\Pyt
hon312\site-packages\
requests\sessions.py"
, line 703, in send
    r = adapter.send(
request, **kwargs)
        ^^^^^^^^^^^^^
^^^^^^^^^^^^^^^^^^
  File "C:\Users\1305
9\AppData\Local\Packa
ges\PythonSoftwareFou
ndation.Python.3.12_q
bz5n2kfra8p0\LocalCac
he\local-packages\Pyt
hon312\site-packages\
requests\adapters.py"
, line 677, in send
    raise 
ConnectionError(e, 
request=request)
requests.exceptions.C
onnectionError: HTTPC
onnectionPool(host='l
ocalhost', 
port=8000): Max 
retries exceeded 
with url: /search 
(Caused by NewConnect
ionError('<urllib3.co
nnection.HTTPConnecti
on object at 
0x0000018F09C78890>: 
Failed to establish 
a new connection: 
[WinError 10061] No 
connection could be 
made because the 
target machine 
actively refused 
it'))

During handling of 
the above exception, 
another exception 
occurred:

Traceback (most 
recent call last):
  File "C:\Users\1305
9\Downloads\MiniVecto
r\scripts\test_distri
buted.py", line 32, 
in <module>
    test_search()
  File "C:\Users\1305
9\Downloads\MiniVecto
r\scripts\test_distri
buted.py", line 28, 
in test_search
    print(f"\u274c 
Connection Failed: 
{e}")
  File "C:\Program Fi
les\WindowsApps\Pytho
nSoftwareFoundation.P
ython.3.12_3.12.2800.
0_x64__qbz5n2kfra8p0\
Lib\encodings\cp1252.
py", line 19, in 
encode
    return codecs.cha
rmap_encode(input,sel
f.errors,encoding_tab
le)[0]
           ^^^^^^^^^^
^^^^^^^^^^^^^^^^^^^^^
^^^^^^^^^^^^^^^^^^^^^
^^^
UnicodeEncodeError: 
'charmap' codec 
can't encode 
character '\u274c' 
in position 0: 
character maps to 
<undefined>
